app/api/staff/orders/route.ts(54,52): error TS2345: Argument of type 'Omit<PrismaClient<PrismaClientOptions, never, DefaultArgs>, "$connect" | "$disconnect" | "$on" | "$transaction" | "$use" | "$extends">' is not assignable to parameter of type 'PrismaClient<PrismaClientOptions, never, DefaultArgs>'.
  Type 'Omit<PrismaClient<PrismaClientOptions, never, DefaultArgs>, "$connect" | "$disconnect" | "$on" | "$transaction" | "$use" | "$extends">' is missing the following properties from type 'PrismaClient<PrismaClientOptions, never, DefaultArgs>': $on, $connect, $disconnect, $use, and 2 more.
app/api/staff/orders/route.ts(112,17): error TS2345: Argument of type 'Omit<PrismaClient<PrismaClientOptions, never, DefaultArgs>, "$connect" | "$disconnect" | "$on" | "$transaction" | "$use" | "$extends">' is not assignable to parameter of type 'PrismaClient<PrismaClientOptions, never, DefaultArgs>'.
  Type 'Omit<PrismaClient<PrismaClientOptions, never, DefaultArgs>, "$connect" | "$disconnect" | "$on" | "$transaction" | "$use" | "$extends">' is missing the following properties from type 'PrismaClient<PrismaClientOptions, never, DefaultArgs>': $on, $connect, $disconnect, $use, and 2 more.
lib/validations/menu.ts(57,4): error TS2339: Property 'unwrap' does not exist on type 'ZodDiscriminatedUnion<[ZodObject<{ name: ZodString; description: ZodNullable<ZodOptional<ZodString>>; is_available: ZodDefault<ZodBoolean>; ... 6 more ...; matcha_powder_id: ZodNullable<...>; }, $strip>, ZodObject<...>], "category">'.
src/__tests__/components/staff/AddonModal.logic.test.ts(14,5): error TS2367: This comparison appears to be unintentional because the types 'Category' and '"daily"' have no overlap.
src/__tests__/components/staff/AddonModal.logic.test.ts(15,59): error TS2339: Property 'price_vnd' does not exist on type 'MenuItemSize'.
src/__tests__/components/staff/AddonModal.logic.test.ts(16,15): error TS2339: Property 'price_vnd' does not exist on type 'MenuItem'.
src/__tests__/components/staff/AddonModal.logic.test.ts(43,5): error TS2741: Property 'gram_value' is missing in type '{ id: string; label: string; price_vnd: number; is_default: false; sort_order: number; }' but required in type 'AddonOption'.
src/__tests__/components/staff/AddonModal.logic.test.ts(61,5): error TS2741: Property 'gram_value' is missing in type '{ id: string; label: string; price_vnd: number; is_default: true; sort_order: number; }' but required in type 'AddonOption'.
src/__tests__/components/staff/AddonModal.logic.test.ts(62,5): error TS2741: Property 'gram_value' is missing in type '{ id: string; label: string; price_vnd: number; is_default: false; sort_order: number; }' but required in type 'AddonOption'.
src/__tests__/components/staff/AddonModal.logic.test.ts(70,3): error TS2322: Type '"daily"' is not assignable to type 'Category'.
src/__tests__/components/staff/AddonModal.logic.test.ts(75,18): error TS2353: Object literal may only specify known properties, and 'price_vnd' does not exist in type 'MenuItemSize'.
src/__tests__/components/staff/AddonModal.logic.test.ts(76,18): error TS2353: Object literal may only specify known properties, and 'price_vnd' does not exist in type 'MenuItemSize'.
src/__tests__/components/staff/AddonModal.logic.test.ts(77,19): error TS2353: Object literal may only specify known properties, and 'price_vnd' does not exist in type 'MenuItemSize'.
src/__tests__/components/staff/AddonModal.logic.test.ts(86,3): error TS2322: Type '"seasonal"' is not assignable to type 'Category'.
src/__tests__/components/staff/CartItem.logic.test.ts(28,5): error TS2322: Type '"daily"' is not assignable to type '"latte" | "fusion"'.
src/__tests__/services/menuService.test.ts(18,3): error TS2322: Type '"daily"' is not assignable to type 'Category'.
src/__tests__/services/menuService.test.ts(23,18): error TS2353: Object literal may only specify known properties, and 'price_vnd' does not exist in type 'MenuItemSize'.
src/__tests__/services/menuService.test.ts(24,18): error TS2353: Object literal may only specify known properties, and 'price_vnd' does not exist in type 'MenuItemSize'.
src/__tests__/services/menuService.test.ts(25,19): error TS2353: Object literal may only specify known properties, and 'price_vnd' does not exist in type 'MenuItemSize'.
src/__tests__/services/menuService.test.ts(34,3): error TS2322: Type '"seasonal"' is not assignable to type 'Category'.
src/__tests__/services/menuService.test.ts(68,38): error TS2367: This comparison appears to be unintentional because the types 'Category' and '"daily"' have no overlap.
src/__tests__/services/menuService.test.ts(71,19): error TS2339: Property 'price_vnd' does not exist on type 'MenuItem'.
src/__tests__/services/menuService.test.ts(84,21): error TS2339: Property 'price_vnd' does not exist on type 'MenuItem'.
src/components/admin/AddMenuItemModal.tsx(5,15): error TS2305: Module '"@/src/lib/types/menu"' has no exported member 'AdminMenuItem'.
src/components/home/FeaturedProducts.tsx(26,17): error TS7053: Element implicitly has an 'any' type because expression of type '"daily"' can't be used to index type 'MenuData'.
  Property 'daily' does not exist on type 'MenuData'.
src/components/home/FeaturedProducts.tsx(62,15): error TS2367: This comparison appears to be unintentional because the types 'Category' and '"daily"' have no overlap.
src/components/home/FeaturedProducts.tsx(63,60): error TS2339: Property 'price_vnd' does not exist on type 'MenuItemSize'.
src/components/home/FeaturedProducts.tsx(64,25): error TS2339: Property 'price_vnd' does not exist on type 'MenuItem'.
src/components/menu/MenuCard.tsx(16,5): error TS2367: This comparison appears to be unintentional because the types 'Category' and '"daily"' have no overlap.
src/components/menu/MenuCard.tsx(17,50): error TS2339: Property 'price_vnd' does not exist on type 'MenuItemSize'.
src/components/menu/MenuCard.tsx(18,15): error TS2339: Property 'price_vnd' does not exist on type 'MenuItem'.
src/components/menu/ProductModal.tsx(81,9): error TS2367: This comparison appears to be unintentional because the types 'Category' and '"daily"' have no overlap.
src/components/menu/ProductModal.tsx(82,63): error TS2339: Property 'price_vnd' does not exist on type 'MenuItemSize'.
src/components/menu/ProductModal.tsx(84,17): error TS2339: Property 'price_vnd' does not exist on type 'MenuItem'.
src/components/menu/ProductModal.tsx(128,7): error TS2367: This comparison appears to be unintentional because the types 'Category' and '"daily"' have no overlap.
src/components/menu/ProductModal.tsx(130,7): error TS2367: This comparison appears to be unintentional because the types 'Category' and '"daily"' have no overlap.
src/components/menu/ProductModal.tsx(131,60): error TS2339: Property 'price_vnd' does not exist on type 'MenuItemSize'.
src/components/menu/ProductModal.tsx(189,12): error TS2367: This comparison appears to be unintentional because the types 'Category' and '"daily"' have no overlap.
src/components/menu/ProductModal.tsx(210,62): error TS2339: Property 'price_vnd' does not exist on type 'MenuItemSize'.
src/components/menu/ProductModal.tsx(219,12): error TS2367: This comparison appears to be unintentional because the types 'Category' and '"daily"' have no overlap.
src/components/menu/ProductModal.tsx(219,46): error TS2339: Property 'price_vnd' does not exist on type 'MenuItem'.
src/components/menu/ProductModal.tsx(225,27): error TS2339: Property 'price_vnd' does not exist on type 'MenuItem'.
src/components/staff/AddonModal.tsx(55,5): error TS2367: This comparison appears to be unintentional because the types 'Category | undefined' and '"daily"' have no overlap.
src/components/staff/AddonModal.tsx(73,7): error TS2367: This comparison appears to be unintentional because the types 'Category' and '"daily"' have no overlap.
src/components/staff/AddonModal.tsx(74,61): error TS2339: Property 'price_vnd' does not exist on type 'MenuItemSize'.
src/components/staff/AddonModal.tsx(75,17): error TS2339: Property 'price_vnd' does not exist on type 'MenuItem'.
src/components/staff/AddonModal.tsx(114,9): error TS2367: This comparison appears to be unintentional because the types 'Category' and '"daily"' have no overlap.
src/components/staff/AddonModal.tsx(133,7): error TS2367: This comparison appears to be unintentional because the types 'Category' and '"daily"' have no overlap.
src/components/staff/AddonModal.tsx(134,61): error TS2339: Property 'price_vnd' does not exist on type 'MenuItemSize'.
src/components/staff/AddonModal.tsx(135,17): error TS2339: Property 'price_vnd' does not exist on type 'MenuItem'.
src/components/staff/AddonModal.tsx(153,7): error TS2322: Type '"M" | "L" | "XL" | null' is not assignable to type 'Size'.
  Type 'null' is not assignable to type 'Size'.
src/components/staff/AddonModal.tsx(218,16): error TS2367: This comparison appears to be unintentional because the types 'Category' and '"daily"' have no overlap.
src/components/staff/AddonModal.tsx(239,33): error TS2339: Property 'price_vnd' does not exist on type 'MenuItemSize'.
src/services/adminMenuService.ts(3,15): error TS2305: Module '"@/src/lib/types/menu"' has no exported member 'AdminMenuItem'.
src/views/admin/AdminMenuPage.tsx(10,15): error TS2305: Module '"@/src/lib/types/menu"' has no exported member 'AdminMenuItem'.
src/views/MenuPage.tsx(46,31): error TS7053: Element implicitly has an 'any' type because expression of type 'TabId' can't be used to index type 'MenuData'.
  Property 'daily' does not exist on type 'MenuData'.
src/views/staff/StaffOrdersPage.tsx(228,17): error TS2367: This comparison appears to be unintentional because the types 'Category' and '"daily"' have no overlap.
src/views/staff/StaffOrdersPage.tsx(229,62): error TS2339: Property 'price_vnd' does not exist on type 'MenuItemSize'.
src/views/staff/StaffOrdersPage.tsx(230,27): error TS2339: Property 'price_vnd' does not exist on type 'MenuItem'.
src/views/staff/StaffOrdersPage.tsx(260,22): error TS2367: This comparison appears to be unintentional because the types 'Category' and '"daily"' have no overlap.
